
======================================================================
COMPREHENSIVE SYSTEM INTEGRATION TEST
======================================================================

======================================================================
TEST 1: Import Validation
======================================================================
python : Traceback 
(most recent call 
last):
At line:1 char:1
+ python tests\test_sys
tem_integration.py > 
test_output.txt 2>&1
+ ~~~~~~~~~~~~~~~~~~~~~
~~~~~~~~~~~~~~~~~~~~~~~
~~~~~~~~~~~~~~~~~~
    + CategoryInfo     
         : NotSpecifi  
  ed: (Traceback (mo   
 st recent call las    
t)::String) [], Re    
moteException
    + FullyQualifiedEr 
   rorId : NativeComm  
  andError
 
  File "F:\v4 cleanup\t
ests\test_system_integr
ation.py", line 24, in 
test_imports
    print("\u2713 
FireDetector imported")
    ~~~~~^^^^^^^^^^^^^^
^^^^^^^^^^^^^
  File "C:\Python314\Li
b\encodings\cp1252.py",
 line 19, in encode
    return codecs.charm
ap_encode(input,self.er
rors,encoding_table)[0]
           ~~~~~~~~~~~~
~~~~~~~~~^^^^^^^^^^^^^^
^^^^^^^^^^^^^^^^^^^^
UnicodeEncodeError: 
'charmap' codec can't 
encode character 
'\u2713' in position 
0: character maps to 
<undefined>

During handling of the 
above exception, 
another exception 
occurred:

Traceback (most recent 
call last):
  File "F:\v4 cleanup\t
ests\test_system_integr
ation.py", line 281, 
in main
    results[test_name] 
= test_func()
                       
  ~~~~~~~~~^^
  File "F:\v4 cleanup\t
ests\test_system_integr
ation.py", line 44, in 
test_imports
    print(f"\n\u274c 
Import failed: {e}")
    ~~~~~^^^^^^^^^^^^^^
^^^^^^^^^^^^^^
  File "C:\Python314\Li
b\encodings\cp1252.py",
 line 19, in encode
    return codecs.charm
ap_encode(input,self.er
rors,encoding_table)[0]
           ~~~~~~~~~~~~
~~~~~~~~~^^^^^^^^^^^^^^
^^^^^^^^^^^^^^^^^^^^
UnicodeEncodeError: 
'charmap' codec can't 
encode character 
'\u274c' in position 
2: character maps to 
<undefined>

During handling of the 
above exception, 
another exception 
occurred:

Traceback (most recent 
call last):
  File "F:\v4 cleanup\t
ests\test_system_integr
ation.py", line 308, 
in <module>
    exit_code = main()
  File "F:\v4 cleanup\t
ests\test_system_integr
ation.py", line 283, 
in main
    print(f"\n\u274c 
Test '{test_name}' 
crashed: {e}")
    ~~~~~^^^^^^^^^^^^^^
^^^^^^^^^^^^^^^^^^^^^^^
^^^^
  File "C:\Python314\Li
b\encodings\cp1252.py",
 line 19, in encode
    return codecs.charm
ap_encode(input,self.er
rors,encoding_table)[0]
           ~~~~~~~~~~~~
~~~~~~~~~^^^^^^^^^^^^^^
^^^^^^^^^^^^^^^^^^^^
UnicodeEncodeError: 
'charmap' codec can't 
encode character 
'\u274c' in position 
2: character maps to 
<undefined>
